// Jest Snapshot v1, https://goo.gl/fbAQLP

exports[`CaCheckbox Mathes snapshot 1`] = `
<div data-checkbox="" class="bx--form-item bx--checkbox-wrapper">
  <input id="" type="checkbox" name="checkbox" aria-checked="false" class="bx--checkbox" value="">
  <label for="" class="bx--checkbox-label"><span class="bx--checkbox-appearance"><svg width="12" height="9" viewBox="0 0 12 9" fill-rule="evenodd" class="bx--checkbox-checkmark"><path d="M4.1 6.1L1.4 3.4 0 4.9 4.1 9l7.6-7.6L10.3 0z"></path></svg></span> </label>
</div>
`;
